[
  {
    "type": "Subscript",
    "code_step": "dogs['breed']",
    "fragment": {
      "start": {
        "line": 0,
        "ch": 5
      },
      "end": {
        "line": 0,
        "ch": 14
      }
    },
    "mapping": [
      {
        "select": "column",
        "anchor": "lhs",
        "label": "breed",
        "illustrate": "highlight"
      }
    ],
    "data_frame": {
      "lhs": {
        "type": "DataFrame",
        "col_names": [
          "breed",
          "grooming",
          "food_cost",
          "kids",
          "size"
        ],
        "row_labels": [
          0,
          1,
          2,
          3,
          4,
          5,
          6
        ],
        "data": [
          [
            "Labrador Retriever",
            "weekly",
            466.0,
            "high",
            "medium"
          ],
          [
            "German Shepherd",
            "weekly",
            466.0,
            "medium",
            "large"
          ],
          [
            "Beagle",
            "daily",
            324.0,
            "high",
            "small"
          ],
          [
            "Golden Retriever",
            "weekly",
            466.0,
            "high",
            "medium"
          ],
          [
            "Yorkshire Terrier",
            "daily",
            324.0,
            "low",
            "small"
          ],
          [
            "Bulldog",
            "weekly",
            466.0,
            "medium",
            "medium"
          ],
          [
            "Boxer",
            "weekly",
            466.0,
            "high",
            "medium"
          ]
        ]
      },
      "rhs": {
        "type": "Series",
        "row_labels": [
          0,
          1,
          2,
          3,
          4,
          5,
          6
        ],
        "data": [
          "Labrador Retriever",
          "German Shepherd",
          "Beagle",
          "Golden Retriever",
          "Yorkshire Terrier",
          "Bulldog",
          "Boxer"
        ]
      }
    }
  },
  {
    "type": "ApplyCall",
    "code_step": "(dogs['breed']\n .apply(len)\n)",
    "fragment": {
      "start": {
        "line": 0,
        "ch": 14
      },
      "end": {
        "line": 1,
        "ch": 12
      }
    },
    "mapping": [
      {
        "select": "row",
        "from": {
          "anchor": "lhs",
          "label": 0
        },
        "to": {
          "anchor": "rhs",
          "label": 0
        },
        "illustrate": "outline"
      },
      {
        "select": "row",
        "from": {
          "anchor": "lhs",
          "label": 1
        },
        "to": {
          "anchor": "rhs",
          "label": 1
        },
        "illustrate": "outline"
      },
      {
        "select": "row",
        "from": {
          "anchor": "lhs",
          "label": 2
        },
        "to": {
          "anchor": "rhs",
          "label": 2
        },
        "illustrate": "outline"
      },
      {
        "select": "row",
        "from": {
          "anchor": "lhs",
          "label": 3
        },
        "to": {
          "anchor": "rhs",
          "label": 3
        },
        "illustrate": "outline"
      },
      {
        "select": "row",
        "from": {
          "anchor": "lhs",
          "label": 4
        },
        "to": {
          "anchor": "rhs",
          "label": 4
        },
        "illustrate": "outline"
      },
      {
        "select": "row",
        "from": {
          "anchor": "lhs",
          "label": 5
        },
        "to": {
          "anchor": "rhs",
          "label": 5
        },
        "illustrate": "outline"
      },
      {
        "select": "row",
        "from": {
          "anchor": "lhs",
          "label": 6
        },
        "to": {
          "anchor": "rhs",
          "label": 6
        },
        "illustrate": "outline"
      }
    ],
    "data_frame": {
      "lhs": {
        "type": "Series",
        "row_labels": [
          0,
          1,
          2,
          3,
          4,
          5,
          6
        ],
        "data": [
          "Labrador Retriever",
          "German Shepherd",
          "Beagle",
          "Golden Retriever",
          "Yorkshire Terrier",
          "Bulldog",
          "Boxer"
        ]
      },
      "rhs": {
        "type": "Series",
        "row_labels": [
          0,
          1,
          2,
          3,
          4,
          5,
          6
        ],
        "data": [
          18,
          15,
          6,
          16,
          17,
          7,
          5
        ]
      }
    }
  }
]