[
  {
    "type": "AssignCall",
    "code_step": "(dogs\n .assign(test='hello world')\n)",
    "fragment": {
      "start": {
        "line": 0,
        "ch": 5
      },
      "end": {
        "line": 1,
        "ch": 28
      }
    },
    "mapping": [
      {
        "select": "column",
        "anchor": "rhs",
        "label": "test",
        "illustrate": "highlight"
      }
    ],
    "data_frame": {
      "lhs": {
        "type": "DataFrame",
        "col_names": [
          "breed",
          "grooming",
          "food_cost",
          "kids",
          "size"
        ],
        "row_labels": [
          0,
          1,
          2,
          3,
          4,
          5,
          6
        ],
        "data": [
          [
            "Labrador Retriever",
            "weekly",
            466.0,
            "high",
            "medium"
          ],
          [
            "German Shepherd",
            "weekly",
            466.0,
            "medium",
            "large"
          ],
          [
            "Beagle",
            "daily",
            324.0,
            "high",
            "small"
          ],
          [
            "Golden Retriever",
            "weekly",
            466.0,
            "high",
            "medium"
          ],
          [
            "Yorkshire Terrier",
            "daily",
            324.0,
            "low",
            "small"
          ],
          [
            "Bulldog",
            "weekly",
            466.0,
            "medium",
            "medium"
          ],
          [
            "Boxer",
            "weekly",
            466.0,
            "high",
            "medium"
          ]
        ]
      },
      "rhs": {
        "type": "DataFrame",
        "col_names": [
          "breed",
          "grooming",
          "food_cost",
          "kids",
          "size",
          "test"
        ],
        "row_labels": [
          0,
          1,
          2,
          3,
          4,
          5,
          6
        ],
        "data": [
          [
            "Labrador Retriever",
            "weekly",
            466.0,
            "high",
            "medium",
            "hello world"
          ],
          [
            "German Shepherd",
            "weekly",
            466.0,
            "medium",
            "large",
            "hello world"
          ],
          [
            "Beagle",
            "daily",
            324.0,
            "high",
            "small",
            "hello world"
          ],
          [
            "Golden Retriever",
            "weekly",
            466.0,
            "high",
            "medium",
            "hello world"
          ],
          [
            "Yorkshire Terrier",
            "daily",
            324.0,
            "low",
            "small",
            "hello world"
          ],
          [
            "Bulldog",
            "weekly",
            466.0,
            "medium",
            "medium",
            "hello world"
          ],
          [
            "Boxer",
            "weekly",
            466.0,
            "high",
            "medium",
            "hello world"
          ]
        ]
      }
    }
  }
]