[
  {
    "type": "slice",
    "code_step": "df[df['Count'] > 13000]",
    "mapping": [
      {
        "select": "column",
        "anchor": "lhs",
        "index": 2,
        "illustrate": "highlight"
      },
      {
        "select": "row",
        "from": {
          "anchor": "lhs",
          "index": 0
        },
        "to": {
          "anchor": "rhs",
          "index": 0
        },
        "illustrate": "outline"
      },
      {
        "select": "row",
        "from": {
          "anchor": "lhs",
          "index": 1
        },
        "to": {
          "anchor": "rhs",
          "index": 1
        },
        "illustrate": "outline"
      },
      {
        "select": "row",
        "from": {
          "anchor": "lhs",
          "index": 2
        },
        "to": {
          "anchor": "rhs",
          "index": 2
        },
        "illustrate": "outline"
      },
      {
        "select": "row",
        "from": {
          "anchor": "lhs",
          "index": 3
        },
        "to": {
          "anchor": "rhs",
          "index": 3
        },
        "illustrate": "outline"
      },
      {
        "select": "row",
        "from": {
          "anchor": "lhs",
          "index": 4
        },
        "to": {
          "anchor": "rhs",
          "index": "NA"
        },
        "illustrate": "outline"
      },
      {
        "select": "row",
        "from": {
          "anchor": "lhs",
          "index": 5
        },
        "to": {
          "anchor": "rhs",
          "index": 4
        },
        "illustrate": "outline"
      },
      {
        "select": "row",
        "from": {
          "anchor": "lhs",
          "index": 6
        },
        "to": {
          "anchor": "rhs",
          "index": 5
        },
        "illustrate": "outline"
      },
      {
        "select": "row",
        "from": {
          "anchor": "lhs",
          "index": 7
        },
        "to": {
          "anchor": "rhs",
          "index": 6
        },
        "illustrate": "outline"
      },
      {
        "select": "row",
        "from": {
          "anchor": "lhs",
          "index": 8
        },
        "to": {
          "anchor": "rhs",
          "index": "NA"
        },
        "illustrate": "outline"
      },
      {
        "select": "row",
        "from": {
          "anchor": "lhs",
          "index": 9
        },
        "to": {
          "anchor": "rhs",
          "index": "NA"
        },
        "illustrate": "outline"
      }
    ],
    "data_frame": {
      "lhs": {
        "col_names": [
          "Name",
          "Sex",
          "Count",
          "Year"
        ],
        "row_labels": [
          0,
          1,
          2,
          3,
          4,
          5,
          6,
          7,
          8,
          9
        ],
        "data": [
          [
            "Liam",
            "M",
            19659,
            2020
          ],
          [
            "Noah",
            "M",
            18252,
            2020
          ],
          [
            "Oliver",
            "M",
            14147,
            2020
          ],
          [
            "Elijah",
            "M",
            13034,
            2020
          ],
          [
            "William",
            "M",
            12541,
            2020
          ],
          [
            "Emma",
            "F",
            15581,
            2020
          ],
          [
            "Ava",
            "F",
            13084,
            2020
          ],
          [
            "Charlotte",
            "F",
            13003,
            2020
          ],
          [
            "Sophia",
            "F",
            12976,
            2020
          ],
          [
            "Amelia",
            "F",
            12704,
            2020
          ]
        ]
      },
      "rhs": {
        "col_names": [
          "Name",
          "Sex",
          "Count",
          "Year"
        ],
        "row_labels": [
          0,
          1,
          2,
          3,
          5,
          6,
          7
        ],
        "data": [
          [
            "Liam",
            "M",
            19659,
            2020
          ],
          [
            "Noah",
            "M",
            18252,
            2020
          ],
          [
            "Oliver",
            "M",
            14147,
            2020
          ],
          [
            "Elijah",
            "M",
            13034,
            2020
          ],
          [
            "Emma",
            "F",
            15581,
            2020
          ],
          [
            "Ava",
            "F",
            13084,
            2020
          ],
          [
            "Charlotte",
            "F",
            13003,
            2020
          ]
        ]
      }
    }
  }
]
