{
  "code": "import pandas as pd\n\nmydict = [{'a': 1, 'b': 2, 'c': 3, 'd': 4},\n          {'a': 100, 'b': 200, 'c': 300, 'd': 400},\n          {'a': 1000, 'b': 2000, 'c': 3000, 'd': 4000 }]\n\ndf = pd.DataFrame(mydict, index=['one', 'two', 'three'])\n\ndf.loc['one', df.loc['two'] > 200]",
  "explanation": [
    {
      "type": "Subscript",
      "code_step": "df.loc['one', df.loc['two'] > 200]",
      "fragment": {
        "start": {
          "line": 0,
          "ch": 2
        },
        "end": {
          "line": 0,
          "ch": 34
        }
      },
      "mapping": [
        {
          "select": "row",
          "anchor": "lhs",
          "label": "two",
          "illustrate": "highlight"
        },
        {
          "select": "row",
          "from": {
            "anchor": "lhs",
            "label": "one"
          },
          "to": {
            "anchor": "rhs",
            "label": "pandas.Series"
          },
          "illustrate": "outline"
        }
      ],
      "data_frame": {
        "lhs": {
          "type": "DataFrame",
          "col_names": [
            "a",
            "b",
            "c",
            "d"
          ],
          "row_labels": [
            "one",
            "two",
            "three"
          ],
          "data": [
            [
              1,
              2,
              3,
              4
            ],
            [
              100,
              200,
              300,
              400
            ],
            [
              1000,
              2000,
              3000,
              4000
            ]
          ]
        },
        "rhs": {
          "type": "Series",
          "row_labels": [
            "c",
            "d"
          ],
          "data": [
            3,
            4
          ]
        }
      }
    }
  ]
}