[
  {
    "type": "Subscript",
    "code_step": "df.loc[:, df.iloc[0] % 2 == 0]",
    "mapping": [
      {
        "select": "column",
        "from": {
          "anchor": "lhs",
          "label": "b"
        },
        "to": {
          "anchor": "rhs",
          "label": "b"
        },
        "illustrate": "outline"
      },
      {
        "select": "column",
        "from": {
          "anchor": "lhs",
          "label": "d"
        },
        "to": {
          "anchor": "rhs",
          "label": "d"
        },
        "illustrate": "outline"
      },
      {
        "select": "row",
        "anchor": "lhs",
        "label": 0,
        "illustrate": "highlight"
      }
    ],
    "data_frame": {
      "lhs": {
        "type": "DataFrame",
        "col_names": [
          "a",
          "b",
          "c",
          "d"
        ],
        "row_labels": [
          0,
          1,
          2
        ],
        "data": [
          [
            1,
            2,
            3,
            4
          ],
          [
            100,
            200,
            300,
            400
          ],
          [
            1000,
            2000,
            3000,
            4000
          ]
        ]
      },
      "rhs": {
        "type": "DataFrame",
        "col_names": [
          "b",
          "d"
        ],
        "row_labels": [
          0,
          1,
          2
        ],
        "data": [
          [
            2,
            4
          ],
          [
            200,
            400
          ],
          [
            2000,
            4000
          ]
        ]
      }
    }
  }
]