{
  "code": "import pandas as pd\nimport io\n\ncsv = '''\nbreed,grooming,food_cost,kids,size\nLabrador Retriever,weekly,466.0,high,medium\nGerman Shepherd,weekly,466.0,medium,large\nBeagle,daily,324.0,high,small\nGolden Retriever,weekly,466.0,high,medium\nYorkshire Terrier,daily,324.0,low,small\nBulldog,weekly,466.0,medium,medium\nBoxer,weekly,466.0,high,medium\n'''\n\ndogs = pd.read_csv(io.StringIO(csv))\n\n(dogs\n .groupby('size')\n ['food_cost']\n .mean()\n)\n",
  "explanation": [
    {
      "type": "GroupByCall",
      "code_step": "dogs\n .groupby('size')",
      "fragment": {
        "start": {
          "line": 0,
          "ch": 5
        },
        "end": {
          "line": 1,
          "ch": 17
        }
      },
      "mapping": [
        {
          "select": "column",
          "anchor": "lhs",
          "label": "size",
          "illustrate": "highlight"
        }
      ],
      "data_frame": {
        "lhs": {
          "type": "DataFrame",
          "col_names": [
            "breed",
            "grooming",
            "food_cost",
            "kids",
            "size"
          ],
          "row_labels": [
            0,
            1,
            2,
            3,
            4,
            5,
            6
          ],
          "data": [
            [
              "Labrador Retriever",
              "weekly",
              466.0,
              "high",
              "medium"
            ],
            [
              "German Shepherd",
              "weekly",
              466.0,
              "medium",
              "large"
            ],
            [
              "Beagle",
              "daily",
              324.0,
              "high",
              "small"
            ],
            [
              "Golden Retriever",
              "weekly",
              466.0,
              "high",
              "medium"
            ],
            [
              "Yorkshire Terrier",
              "daily",
              324.0,
              "low",
              "small"
            ],
            [
              "Bulldog",
              "weekly",
              466.0,
              "medium",
              "medium"
            ],
            [
              "Boxer",
              "weekly",
              466.0,
              "high",
              "medium"
            ]
          ]
        },
        "rhs": {
          "type": "DataFrameGroupBy",
          "col_names": [
            "breed",
            "grooming",
            "food_cost",
            "kids",
            "size"
          ],
          "row_labels": [
            0,
            1,
            2,
            3,
            4,
            5,
            6
          ],
          "data": [
            [
              "Labrador Retriever",
              "weekly",
              466.0,
              "high",
              "medium"
            ],
            [
              "German Shepherd",
              "weekly",
              466.0,
              "medium",
              "large"
            ],
            [
              "Beagle",
              "daily",
              324.0,
              "high",
              "small"
            ],
            [
              "Golden Retriever",
              "weekly",
              466.0,
              "high",
              "medium"
            ],
            [
              "Yorkshire Terrier",
              "daily",
              324.0,
              "low",
              "small"
            ],
            [
              "Bulldog",
              "weekly",
              466.0,
              "medium",
              "medium"
            ],
            [
              "Boxer",
              "weekly",
              466.0,
              "high",
              "medium"
            ]
          ],
          "group_data": {
            "col_names": [
              "size"
            ],
            "groups": [
              {
                "name": [
                  "large"
                ],
                "labels": [
                  1
                ]
              },
              {
                "name": [
                  "medium"
                ],
                "labels": [
                  0,
                  3,
                  5,
                  6
                ]
              },
              {
                "name": [
                  "small"
                ],
                "labels": [
                  2,
                  4
                ]
              }
            ]
          }
        }
      }
    },
    {
      "type": "Subscript",
      "code_step": "dogs\n .groupby('size')\n ['food_cost']",
      "fragment": {
        "start": {
          "line": 1,
          "ch": 17
        },
        "end": {
          "line": 2,
          "ch": 14
        }
      },
      "mapping": [],
      "data_frame": {
        "lhs": {
          "type": "DataFrameGroupBy",
          "col_names": [
            "breed",
            "grooming",
            "food_cost",
            "kids",
            "size"
          ],
          "row_labels": [
            0,
            1,
            2,
            3,
            4,
            5,
            6
          ],
          "data": [
            [
              "Labrador Retriever",
              "weekly",
              466.0,
              "high",
              "medium"
            ],
            [
              "German Shepherd",
              "weekly",
              466.0,
              "medium",
              "large"
            ],
            [
              "Beagle",
              "daily",
              324.0,
              "high",
              "small"
            ],
            [
              "Golden Retriever",
              "weekly",
              466.0,
              "high",
              "medium"
            ],
            [
              "Yorkshire Terrier",
              "daily",
              324.0,
              "low",
              "small"
            ],
            [
              "Bulldog",
              "weekly",
              466.0,
              "medium",
              "medium"
            ],
            [
              "Boxer",
              "weekly",
              466.0,
              "high",
              "medium"
            ]
          ],
          "group_data": {
            "col_names": [
              "size"
            ],
            "groups": [
              {
                "name": [
                  "large"
                ],
                "labels": [
                  1
                ]
              },
              {
                "name": [
                  "medium"
                ],
                "labels": [
                  0,
                  3,
                  5,
                  6
                ]
              },
              {
                "name": [
                  "small"
                ],
                "labels": [
                  2,
                  4
                ]
              }
            ]
          }
        },
        "rhs": {
          "type": "SeriesGroupBy",
          "row_labels": [
            0,
            1,
            2,
            3,
            4,
            5,
            6
          ],
          "data": [
            466.0,
            466.0,
            324.0,
            466.0,
            324.0,
            466.0,
            466.0
          ],
          "group_data": {
            "col_names": [
              "size"
            ],
            "groups": [
              {
                "name": [
                  "large"
                ],
                "labels": [
                  1
                ]
              },
              {
                "name": [
                  "medium"
                ],
                "labels": [
                  0,
                  3,
                  5,
                  6
                ]
              },
              {
                "name": [
                  "small"
                ],
                "labels": [
                  2,
                  4
                ]
              }
            ]
          }
        }
      }
    },
    {
      "type": "AggCall",
      "code_step": "(dogs\n .groupby('size')\n ['food_cost']\n .mean()\n)",
      "fragment": {
        "start": {
          "line": 2,
          "ch": 14
        },
        "end": {
          "line": 3,
          "ch": 8
        }
      },
      "mapping": [
        {
          "select": "row",
          "from": {
            "anchor": "lhs",
            "label": 1
          },
          "to": {
            "anchor": "rhs",
            "label": "large"
          },
          "illustrate": "outline"
        },
        {
          "select": "row",
          "from": {
            "anchor": "lhs",
            "label": 0
          },
          "to": {
            "anchor": "rhs",
            "label": "medium"
          },
          "illustrate": "outline"
        },
        {
          "select": "row",
          "from": {
            "anchor": "lhs",
            "label": 3
          },
          "to": {
            "anchor": "rhs",
            "label": "medium"
          },
          "illustrate": "outline"
        },
        {
          "select": "row",
          "from": {
            "anchor": "lhs",
            "label": 5
          },
          "to": {
            "anchor": "rhs",
            "label": "medium"
          },
          "illustrate": "outline"
        },
        {
          "select": "row",
          "from": {
            "anchor": "lhs",
            "label": 6
          },
          "to": {
            "anchor": "rhs",
            "label": "medium"
          },
          "illustrate": "outline"
        },
        {
          "select": "row",
          "from": {
            "anchor": "lhs",
            "label": 2
          },
          "to": {
            "anchor": "rhs",
            "label": "small"
          },
          "illustrate": "outline"
        },
        {
          "select": "row",
          "from": {
            "anchor": "lhs",
            "label": 4
          },
          "to": {
            "anchor": "rhs",
            "label": "small"
          },
          "illustrate": "outline"
        }
      ],
      "data_frame": {
        "lhs": {
          "type": "SeriesGroupBy",
          "row_labels": [
            0,
            1,
            2,
            3,
            4,
            5,
            6
          ],
          "data": [
            466.0,
            466.0,
            324.0,
            466.0,
            324.0,
            466.0,
            466.0
          ],
          "group_data": {
            "col_names": [
              "size"
            ],
            "groups": [
              {
                "name": [
                  "large"
                ],
                "labels": [
                  1
                ]
              },
              {
                "name": [
                  "medium"
                ],
                "labels": [
                  0,
                  3,
                  5,
                  6
                ]
              },
              {
                "name": [
                  "small"
                ],
                "labels": [
                  2,
                  4
                ]
              }
            ]
          }
        },
        "rhs": {
          "type": "Series",
          "row_labels": [
            "large",
            "medium",
            "small"
          ],
          "data": [
            466.0,
            466.0,
            324.0
          ]
        }
      }
    }
  ]
}