[
  {
    "type": "HeadCall",
    "code_step": "dogs.head(3)",
    "fragment": {
      "start": {
        "line": 0,
        "ch": 4
      },
      "end": {
        "line": 0,
        "ch": 12
      }
    },
    "mapping": [
      {
        "select": "row",
        "from": {
          "anchor": "lhs",
          "label": 0
        },
        "to": {
          "anchor": "rhs",
          "label": 0
        },
        "illustrate": "outline"
      },
      {
        "select": "row",
        "from": {
          "anchor": "lhs",
          "label": 1
        },
        "to": {
          "anchor": "rhs",
          "label": 1
        },
        "illustrate": "outline"
      },
      {
        "select": "row",
        "from": {
          "anchor": "lhs",
          "label": 2
        },
        "to": {
          "anchor": "rhs",
          "label": 2
        },
        "illustrate": "outline"
      }
    ],
    "data_frame": {
      "lhs": {
        "type": "DataFrame",
        "col_names": [
          "breed",
          "grooming",
          "food_cost",
          "kids",
          "size"
        ],
        "row_labels": [
          0,
          1,
          2,
          3,
          4,
          5,
          6
        ],
        "data": [
          [
            "Labrador Retriever",
            "weekly",
            466.0,
            "high",
            "medium"
          ],
          [
            "German Shepherd",
            "weekly",
            466.0,
            "medium",
            "large"
          ],
          [
            "Beagle",
            "daily",
            324.0,
            "high",
            "small"
          ],
          [
            "Golden Retriever",
            "weekly",
            466.0,
            "high",
            "medium"
          ],
          [
            "Yorkshire Terrier",
            "daily",
            324.0,
            "low",
            "small"
          ],
          [
            "Bulldog",
            "weekly",
            466.0,
            "medium",
            "medium"
          ],
          [
            "Boxer",
            "weekly",
            466.0,
            "high",
            "medium"
          ]
        ]
      },
      "rhs": {
        "type": "DataFrame",
        "col_names": [
          "breed",
          "grooming",
          "food_cost",
          "kids",
          "size"
        ],
        "row_labels": [
          0,
          1,
          2
        ],
        "data": [
          [
            "Labrador Retriever",
            "weekly",
            466.0,
            "high",
            "medium"
          ],
          [
            "German Shepherd",
            "weekly",
            466.0,
            "medium",
            "large"
          ],
          [
            "Beagle",
            "daily",
            324.0,
            "high",
            "small"
          ]
        ]
      }
    }
  }
]