[
  {
    "type": "SortValuesCall",
    "code_step": "df.sort_values('Name')",
    "mapping": [
      {
        "select": "column",
        "anchor": "lhs",
        "label": "Name",
        "illustrate": "highlight"
      },
      {
        "select": "row",
        "from": {
          "anchor": "lhs",
          "label": 0
        },
        "to": {
          "anchor": "rhs",
          "label": 0
        },
        "illustrate": "outline"
      },
      {
        "select": "row",
        "from": {
          "anchor": "lhs",
          "label": 1
        },
        "to": {
          "anchor": "rhs",
          "label": 1
        },
        "illustrate": "outline"
      },
      {
        "select": "row",
        "from": {
          "anchor": "lhs",
          "label": 2
        },
        "to": {
          "anchor": "rhs",
          "label": 2
        },
        "illustrate": "outline"
      },
      {
        "select": "row",
        "from": {
          "anchor": "lhs",
          "label": 3
        },
        "to": {
          "anchor": "rhs",
          "label": 3
        },
        "illustrate": "outline"
      }
    ],
    "data_frame": {
      "lhs": {
        "col_names": [
          "Name",
          "Year"
        ],
        "row_labels": [
          0,
          1,
          2,
          3
        ],
        "data": [
          [
            "Liam",
            2020.0
          ],
          [
            null,
            2020.0
          ],
          [
            "Sophia",
            2020.0
          ],
          [
            "Amelia",
            null
          ]
        ]
      },
      "rhs": {
        "col_names": [
          "Name",
          "Year"
        ],
        "row_labels": [
          3,
          0,
          2,
          1
        ],
        "data": [
          [
            "Amelia",
            null
          ],
          [
            "Liam",
            2020.0
          ],
          [
            "Sophia",
            2020.0
          ],
          [
            null,
            2020.0
          ]
        ]
      }
    }
  }
]
