[
  {
    "type": "RenameCall",
    "code_step": "dogs.rename(columns={'breed': 'b', 'food_cost': 'cost'})",
    "mapping": [
      {
        "select": "column",
        "from": {
          "anchor": "lhs",
          "label": "breed"
        },
        "to": {
          "anchor": "rhs",
          "label": "b"
        },
        "illustrate": "outline"
      },
      {
        "select": "column",
        "from": {
          "anchor": "lhs",
          "label": "food_cost"
        },
        "to": {
          "anchor": "rhs",
          "label": "cost"
        },
        "illustrate": "outline"
      }
    ],
    "data_frame": {
      "lhs": {
        "type": "DataFrame",
        "col_names": [
          "breed",
          "grooming",
          "food_cost",
          "kids",
          "size"
        ],
        "row_labels": [
          0,
          1,
          2,
          3,
          4,
          5,
          6
        ],
        "data": [
          [
            "Labrador Retriever",
            "weekly",
            466.0,
            "high",
            "medium"
          ],
          [
            "German Shepherd",
            "weekly",
            466.0,
            "medium",
            "large"
          ],
          [
            "Beagle",
            "daily",
            324.0,
            "high",
            "small"
          ],
          [
            "Golden Retriever",
            "weekly",
            466.0,
            "high",
            "medium"
          ],
          [
            "Yorkshire Terrier",
            "daily",
            324.0,
            "low",
            "small"
          ],
          [
            "Bulldog",
            "weekly",
            466.0,
            "medium",
            "medium"
          ],
          [
            "Boxer",
            "weekly",
            466.0,
            "high",
            "medium"
          ]
        ]
      },
      "rhs": {
        "type": "DataFrame",
        "col_names": [
          "b",
          "grooming",
          "cost",
          "kids",
          "size"
        ],
        "row_labels": [
          0,
          1,
          2,
          3,
          4,
          5,
          6
        ],
        "data": [
          [
            "Labrador Retriever",
            "weekly",
            466.0,
            "high",
            "medium"
          ],
          [
            "German Shepherd",
            "weekly",
            466.0,
            "medium",
            "large"
          ],
          [
            "Beagle",
            "daily",
            324.0,
            "high",
            "small"
          ],
          [
            "Golden Retriever",
            "weekly",
            466.0,
            "high",
            "medium"
          ],
          [
            "Yorkshire Terrier",
            "daily",
            324.0,
            "low",
            "small"
          ],
          [
            "Bulldog",
            "weekly",
            466.0,
            "medium",
            "medium"
          ],
          [
            "Boxer",
            "weekly",
            466.0,
            "high",
            "medium"
          ]
        ]
      }
    }
  }
]