[
  {
    "type": "Subscript",
    "code_step": "dogs['food_cost']",
    "mapping": [
      {
        "select": "column",
        "anchor": "lhs",
        "label": "food_cost",
        "illustrate": "highlight"
      }
    ],
    "data_frame": {
      "lhs": {
        "type": "DataFrame",
        "col_names": [
          "breed",
          "grooming",
          "food_cost",
          "kids",
          "size"
        ],
        "row_labels": [
          0,
          1,
          2,
          3,
          4,
          5,
          6
        ],
        "data": [
          [
            "Labrador Retriever",
            "weekly",
            466.0,
            "high",
            "medium"
          ],
          [
            "German Shepherd",
            "weekly",
            466.0,
            "medium",
            "large"
          ],
          [
            "Beagle",
            "daily",
            324.0,
            "high",
            "small"
          ],
          [
            "Golden Retriever",
            "weekly",
            466.0,
            "high",
            "medium"
          ],
          [
            "Yorkshire Terrier",
            "daily",
            324.0,
            "low",
            "small"
          ],
          [
            "Bulldog",
            "weekly",
            466.0,
            "medium",
            "medium"
          ],
          [
            "Boxer",
            "weekly",
            466.0,
            "high",
            "medium"
          ]
        ]
      },
      "rhs": {
        "type": "Series",
        "row_labels": [
          0,
          1,
          2,
          3,
          4,
          5,
          6
        ],
        "data": [
          466.0,
          466.0,
          324.0,
          466.0,
          324.0,
          466.0,
          466.0
        ]
      }
    }
  },
  {
    "type": "PassThroughCall",
    "code_step": "dogs['food_cost'].mean()",
    "mapping": [],
    "data_frame": {
      "lhs": {
        "type": "Series",
        "row_labels": [
          0,
          1,
          2,
          3,
          4,
          5,
          6
        ],
        "data": [
          466.0,
          466.0,
          324.0,
          466.0,
          324.0,
          466.0,
          466.0
        ]
      },
      "rhs": {
        "type": "Unhandled",
        "data": "425.42857142857144"
      }
    }
  }
]