[
  {
    "type": "Subscript",
    "code_step": "dogs['breed']",
    "mapping": [
      {
        "select": "column",
        "anchor": "lhs",
        "label": "breed",
        "illustrate": "highlight"
      }
    ],
    "data_frame": {
      "lhs": {
        "type": "DataFrame",
        "col_names": [
          "breed",
          "grooming",
          "food_cost",
          "kids",
          "size"
        ],
        "row_labels": [
          0,
          1,
          2,
          3,
          4,
          5,
          6
        ],
        "data": [
          [
            "Labrador Retriever",
            "weekly",
            466.0,
            "high",
            "medium"
          ],
          [
            "German Shepherd",
            "weekly",
            466.0,
            "medium",
            "large"
          ],
          [
            "Beagle",
            "daily",
            324.0,
            "high",
            "small"
          ],
          [
            "Golden Retriever",
            "weekly",
            466.0,
            "high",
            "medium"
          ],
          [
            "Yorkshire Terrier",
            "daily",
            324.0,
            "low",
            "small"
          ],
          [
            "Bulldog",
            "weekly",
            466.0,
            "medium",
            "medium"
          ],
          [
            "Boxer",
            "weekly",
            466.0,
            "high",
            "medium"
          ]
        ]
      },
      "rhs": {
        "type": "Series",
        "row_labels": [
          0,
          1,
          2,
          3,
          4,
          5,
          6
        ],
        "data": [
          "Labrador Retriever",
          "German Shepherd",
          "Beagle",
          "Golden Retriever",
          "Yorkshire Terrier",
          "Bulldog",
          "Boxer"
        ]
      }
    }
  },
  {
    "type": "PassThroughCall",
    "code_step": "dogs['breed'].to_frame()",
    "mapping": [],
    "data_frame": {
      "lhs": {
        "type": "Series",
        "row_labels": [
          0,
          1,
          2,
          3,
          4,
          5,
          6
        ],
        "data": [
          "Labrador Retriever",
          "German Shepherd",
          "Beagle",
          "Golden Retriever",
          "Yorkshire Terrier",
          "Bulldog",
          "Boxer"
        ]
      },
      "rhs": {
        "type": "DataFrame",
        "col_names": [
          "breed"
        ],
        "row_labels": [
          0,
          1,
          2,
          3,
          4,
          5,
          6
        ],
        "data": [
          [
            "Labrador Retriever"
          ],
          [
            "German Shepherd"
          ],
          [
            "Beagle"
          ],
          [
            "Golden Retriever"
          ],
          [
            "Yorkshire Terrier"
          ],
          [
            "Bulldog"
          ],
          [
            "Boxer"
          ]
        ]
      }
    }
  }
]