{
  "code": "# https://pandas.pydata.org/docs/reference/api/pandas.DataFrame.stack.html\nimport pandas as pd\n\ndf_single_level_cols = pd.DataFrame(\n    [[0, 1], [2, 3]], index=[\"cat\", \"dog\"], columns=[\"weight\", \"height\"]\n)\n\ndf_single_level_cols.stack()\n",
  "explanation": [
    {
      "type": "StackCall",
      "code_step": "df_single_level_cols.stack()",
      "fragment": {
        "start": {
          "line": 0,
          "ch": 20
        },
        "end": {
          "line": 0,
          "ch": 28
        }
      },
      "marks": [
        {
          "type": "map",
          "from": {
            "type": "index_level",
            "anchor": "lhs",
            "select": "column",
            "level": 0
          },
          "to": {
            "type": "index_level",
            "anchor": "rhs",
            "select": "row",
            "level": 1
          }
        }
      ],
      "data": {
        "lhs": {
          "type": "DataFrame",
          "columns": {
            "names": [
              null
            ],
            "labels": [
              "weight",
              "height"
            ]
          },
          "index": {
            "names": [
              null
            ],
            "labels": [
              "cat",
              "dog"
            ]
          },
          "data": [
            [
              0,
              1
            ],
            [
              2,
              3
            ]
          ]
        },
        "rhs": {
          "type": "Series",
          "index": {
            "names": [
              null,
              null
            ],
            "labels": [
              [
                "cat",
                "weight"
              ],
              [
                "cat",
                "height"
              ],
              [
                "dog",
                "weight"
              ],
              [
                "dog",
                "height"
              ]
            ]
          },
          "data": [
            0,
            1,
            2,
            3
          ]
        }
      }
    }
  ]
}