{
  "type": "Module",
  "name": null,
  "code": "(df\n .sort_values('Name')\n .groupby('Sex')\n .loc[:, 'Count']\n .mean()\n)",
  "start": {
    "line": 0,
    "ch": 0
  },
  "end": {
    "line": 6,
    "ch": 0
  },
  "children": [
    {
      "type": "Expr",
      "name": null,
      "code": "(df\n .sort_values('Name')\n .groupby('Sex')\n .loc[:, 'Count']\n .mean()\n)",
      "start": {
        "line": 0,
        "ch": 0
      },
      "end": {
        "line": 5,
        "ch": 1
      },
      "children": [
        {
          "type": "Name",
          "name": "df",
          "code": "df",
          "start": {
            "line": 0,
            "ch": 1
          },
          "end": {
            "line": 0,
            "ch": 3
          },
          "children": []
        },
        {
          "type": "Call",
          "name": "sort_values",
          "code": "df\n .sort_values('Name')",
          "start": {
            "line": 0,
            "ch": 1
          },
          "end": {
            "line": 1,
            "ch": 21
          },
          "children": []
        },
        {
          "type": "Call",
          "name": "groupby",
          "code": "df\n .sort_values('Name')\n .groupby('Sex')",
          "start": {
            "line": 0,
            "ch": 1
          },
          "end": {
            "line": 2,
            "ch": 16
          },
          "children": []
        },
        {
          "type": "Subscript",
          "name": "loc",
          "code": "df\n .sort_values('Name')\n .groupby('Sex')\n .loc[:, 'Count']",
          "start": {
            "line": 0,
            "ch": 1
          },
          "end": {
            "line": 3,
            "ch": 17
          },
          "children": []
        },
        {
          "type": "Call",
          "name": "mean",
          "code": "(df\n .sort_values('Name')\n .groupby('Sex')\n .loc[:, 'Count']\n .mean()\n)",
          "start": {
            "line": 0,
            "ch": 1
          },
          "end": {
            "line": 4,
            "ch": 8
          },
          "children": []
        }
      ]
    }
  ]
}
