{
  "type": "Module",
  "name": null,
  "code": "import pandas as pd\n\ndf = pd.DataFrame([('Liam', 'M', 19659, 2020), ('Noah', 'M', 18252, 2020),\n                   ('Oliver', 'M', 14147, 2020), ('Elijah', 'M', 13034, 2020),\n                   ('William', 'M', 12541, 2020), ('Emma', 'F', 15581, 2020),\n                   ('Ava', 'F', 13084, 2020), ('Charlotte', 'F', 13003, 2020),\n                   ('Sophia', 'F', 12976, 2020), ('Amelia', 'F', 12704, 2020)],\n                  columns=['Name', 'Sex', 'Count', 'Year'])\n\ndf[df['Count'] > 13000]\n",
  "start": {
    "line": 0,
    "ch": 0
  },
  "end": {
    "line": 10,
    "ch": 0
  },
  "children": [
    {
      "type": "Assign",
      "name": null,
      "code": "df = pd.DataFrame([('Liam', 'M', 19659, 2020), ('Noah', 'M', 18252, 2020),\n                   ('Oliver', 'M', 14147, 2020), ('Elijah', 'M', 13034, 2020),\n                   ('William', 'M', 12541, 2020), ('Emma', 'F', 15581, 2020),\n                   ('Ava', 'F', 13084, 2020), ('Charlotte', 'F', 13003, 2020),\n                   ('Sophia', 'F', 12976, 2020), ('Amelia', 'F', 12704, 2020)],\n                  columns=['Name', 'Sex', 'Count', 'Year'])",
      "start": {
        "line": 2,
        "ch": 0
      },
      "end": {
        "line": 7,
        "ch": 59
      },
      "children": [
        {
          "type": "Name",
          "name": "pd",
          "code": "pd",
          "start": {
            "line": 2,
            "ch": 5
          },
          "end": {
            "line": 2,
            "ch": 7
          },
          "children": []
        },
        {
          "type": "Call",
          "name": "DataFrame",
          "code": "pd.DataFrame([('Liam', 'M', 19659, 2020), ('Noah', 'M', 18252, 2020),\n                   ('Oliver', 'M', 14147, 2020), ('Elijah', 'M', 13034, 2020),\n                   ('William', 'M', 12541, 2020), ('Emma', 'F', 15581, 2020),\n                   ('Ava', 'F', 13084, 2020), ('Charlotte', 'F', 13003, 2020),\n                   ('Sophia', 'F', 12976, 2020), ('Amelia', 'F', 12704, 2020)],\n                  columns=['Name', 'Sex', 'Count', 'Year'])",
          "start": {
            "line": 2,
            "ch": 5
          },
          "end": {
            "line": 7,
            "ch": 59
          },
          "children": [
            "[('Liam', 'M', 19659, 2020), ('Noah', 'M', 18252, 2020),\n                   ('Oliver', 'M', 14147, 2020), ('Elijah', 'M', 13034, 2020),\n                   ('William', 'M', 12541, 2020), ('Emma', 'F', 15581, 2020),\n                   ('Ava', 'F', 13084, 2020), ('Charlotte', 'F', 13003, 2020),\n                   ('Sophia', 'F', 12976, 2020), ('Amelia', 'F', 12704, 2020)],\n                  ",
            "columns=['Name', 'Sex', 'Count', 'Year']"
          ]
        }
      ]
    },
    {
      "type": "Expr",
      "name": null,
      "code": "df[df['Count'] > 13000]",
      "start": {
        "line": 9,
        "ch": 0
      },
      "end": {
        "line": 9,
        "ch": 23
      },
      "children": [
        {
          "type": "Name",
          "name": "df",
          "code": "df",
          "start": {
            "line": 9,
            "ch": 0
          },
          "end": {
            "line": 9,
            "ch": 2
          },
          "children": []
        },
        {
          "type": "Subscript",
          "name": null,
          "code": "df[df['Count'] > 13000]",
          "start": {
            "line": 9,
            "ch": 0
          },
          "end": {
            "line": 9,
            "ch": 23
          },
          "children": [
            "df['Count'] > 13000"
          ]
        }
      ]
    }
  ]
}
